<log><command><a>26</a><b>1</b><c>0</c><bin>0xd0 0x00 0x01 0x00 0x00 0x00 0x00</bin></command><command><a>26</a><b>2</b><c>1</c><bin>0xd0 0x00 0x02 0x00 0x00 0x00 0x40</bin></command><command><a>26</a><b>3</b><c>2</c><bin>0xd0 0x00 0x03 0x00 0x00 0x00 0x80</bin></command><command><a>26</a><b>4</b><c>3</c><bin>0xd0 0x00 0x04 0x00 0x00 0x00 0xc0</bin></command><command><a>26</a><b>5</b><c>4</c><bin>0xd0 0x00 0x05 0x00 0x00 0x01 0x00</bin></command><command><a>26</a><b>6</b><c>5</c><bin>0xd0 0x00 0x06 0x00 0x00 0x01 0x40</bin></command><command><a>26</a><b>7</b><c>6</c><bin>0xd0 0x00 0x07 0x00 0x00 0x01 0x80</bin></command><command><a>26</a><b>1</b><c>7</c><bin>0xd0 0x00 0x01 0x00 0x00 0x01 0xc0</bin></command><command><a>26</a><b>1</b><c>8</c><bin>0xd0 0x00 0x01 0x00 0x00 0x02 0x00</bin></command><command><a>26</a><b>1</b><c>9</c><bin>0xd0 0x00 0x01 0x00 0x00 0x02 0x40</bin></command><command><a>26</a><b>1</b><c>10</c><bin>0xd0 0x00 0x01 0x00 0x00 0x02 0x80</bin></command><command><a>26</a><b>1</b><c>11</c><bin>0xd0 0x00 0x01 0x00 0x00 0x02 0xc0</bin></command><command><a>26</a><b>1</b><c>12</c><bin>0xd0 0x00 0x01 0x00 0x00 0x03 0x00</bin></command><command><a>26</a><b>1</b><c>13</c><bin>0xd0 0x00 0x01 0x00 0x00 0x03 0x40</bin></command><command><a>10</a><b>7</b><c>0</c><d>14</d><e>0</e><bin>0x50 0x00 0x00 0x0e 0x00 0x00 0x00 0x00 0x00 0x01 0xc0 0x00 0x00</bin></command><command><a>10</a><b>8</b><c>1</c><d>14</d><e>1</e><bin>0x50 0x00 0x00 0x10 0x00 0x00 0x00 0x80 0x00 0x01 0xc0 0x00 0x80</bin></command><command><a>10</a><b>9</b><c>2</c><d>14</d><e>2</e><bin>0x50 0x00 0x00 0x12 0x00 0x00 0x01 0x00 0x00 0x01 0xc0 0x01 0x00</bin></command><command><a>10</a><b>10</b><c>3</c><d>14</d><e>3</e><bin>0x50 0x00 0x00 0x14 0x00 0x00 0x01 0x80 0x00 0x01 0xc0 0x01 0x80</bin></command><command><a>10</a><b>11</b><c>4</c><d>14</d><e>4</e><bin>0x50 0x00 0x00 0x16 0x00 0x00 0x02 0x00 0x00 0x01 0xc0 0x02 0x00</bin></command><command><a>10</a><b>12</b><c>5</c><d>14</d><e>5</e><bin>0x50 0x00 0x00 0x18 0x00 0x00 0x02 0x80 0x00 0x01 0xc0 0x02 0x80</bin></command><command><a>10</a><b>13</b><c>6</c><d>14</d><e>6</e><bin>0x50 0x00 0x00 0x1a 0x00 0x00 0x03 0x00 0x00 0x01 0xc0 0x03 0x00</bin></command><command><a>27</a><b>21</b><c>14</c><bin>0xd8 0x00 0x00 0x2a 0x00 0x00 0x07 0x00</bin></command><command><a>27</a><b>22</b><c>15</c><bin>0xd8 0x00 0x00 0x2c 0x00 0x00 0x07 0x80</bin></command><command><a>27</a><b>23</b><c>16</c><bin>0xd8 0x00 0x00 0x2e 0x00 0x00 0x08 0x00</bin></command><command><a>27</a><b>24</b><c>17</c><bin>0xd8 0x00 0x00 0x30 0x00 0x00 0x08 0x80</bin></command><command><a>27</a><b>25</b><c>18</c><bin>0xd8 0x00 0x00 0x32 0x00 0x00 0x09 0x00</bin></command><command><a>27</a><b>26</b><c>19</c><bin>0xd8 0x00 0x00 0x34 0x00 0x00 0x09 0x80</bin></command><command><a>27</a><b>27</b><c>20</c><bin>0xd8 0x00 0x00 0x36 0x00 0x00 0x0a 0x00</bin></command><command><a>4</a><b>20</b><c>1</c><d>28</d><bin>0x20 0x00 0x00 0x28 0x00 0x00 0x00 0x80 0x38</bin></command><command><a>4</a><b>20</b><c>2</c><d>29</d><bin>0x20 0x00 0x00 0x28 0x00 0x00 0x01 0x00 0x3a</bin></command><command><a>4</a><b>20</b><c>3</c><d>30</d><bin>0x20 0x00 0x00 0x28 0x00 0x00 0x01 0x80 0x3c</bin></command><command><a>4</a><b>20</b><c>4</c><d>31</d><bin>0x20 0x00 0x00 0x28 0x00 0x00 0x02 0x00 0x3e</bin></command><command><a>4</a><b>20</b><c>5</c><d>32</d><bin>0x20 0x00 0x00 0x28 0x00 0x00 0x02 0x80 0x40</bin></command><command><a>4</a><b>20</b><c>6</c><d>33</d><bin>0x20 0x00 0x00 0x28 0x00 0x00 0x03 0x00 0x42</bin></command><command><a>4</a><b>20</b><c>7</c><d>34</d><bin>0x20 0x00 0x00 0x28 0x00 0x00 0x03 0x80 0x44</bin></command></log>