<memory><registr_0>1</registr_0><registr_1>2</registr_1><registr_2>3</registr_2><registr_3>4</registr_3><registr_4>5</registr_4><registr_5>6</registr_5><registr_6>7</registr_6><registr_7>1</registr_7><registr_8>1</registr_8><registr_9>1</registr_9><registr_10>1</registr_10><registr_11>1</registr_11><registr_12>1</registr_12><registr_13>1</registr_13><registr_14>0</registr_14><registr_15>1</registr_15><registr_16>1</registr_16><registr_17>2</registr_17><registr_18>2</registr_18><registr_19>3</registr_19><registr_20>3</registr_20><registr_21>0</registr_21><registr_22>1</registr_22><registr_23>1</registr_23><registr_24>2</registr_24><registr_25>2</registr_25><registr_26>3</registr_26><registr_27>3</registr_27><registr_28>0</registr_28><registr_29>1</registr_29><registr_30>1</registr_30><registr_31>2</registr_31><registr_32>2</registr_32><registr_33>3</registr_33><registr_34>3</registr_34></memory>